../Core/Src/main.c:86:5:main	8	static
../Core/Src/main.c:148:6:SystemClock_Config	88	static
../Core/Src/main.c:190:13:MX_ADC1_Init	24	static
../Core/Src/main.c:271:13:MX_TIM2_Init	32	static
../Core/Src/main.c:314:13:MX_DMA_Init	16	static
../Core/Src/main.c:332:13:MX_GPIO_Init	16	static
../Core/Src/main.c:347:6:HAL_ADC_ConvCpltCallback	16	static
../Core/Src/main.c:360:10:CalculateVoltage	24	static
../Core/Src/main.c:366:9:CalculateTemperature	40	static
../Core/Src/main.c:386:6:Error_Handler	4	static,ignoring_inline_asm
