../MFRC522_Driver/Src/MFRC522_Driver.c:16:13:MFRC522_Select	8	static
../MFRC522_Driver/Src/MFRC522_Driver.c:20:13:MFRC522_Deselect	8	static
../MFRC522_Driver/Src/MFRC522_Driver.c:29:6:PCD_WriteRegister	24	static
../MFRC522_Driver/Src/MFRC522_Driver.c:46:6:PCD_WriteRegisterMulti	56	dynamic
../MFRC522_Driver/Src/MFRC522_Driver.c:66:9:PCD_ReadRegister	24	static
../MFRC522_Driver/Src/MFRC522_Driver.c:84:6:PCD_Reset	8	static
../MFRC522_Driver/Src/MFRC522_Driver.c:97:6:PCD_SetRegisterBits	24	static
../MFRC522_Driver/Src/MFRC522_Driver.c:108:6:PCD_AntennaOn	16	static
../MFRC522_Driver/Src/MFRC522_Driver.c:119:6:PCD_Init	16	static
../MFRC522_Driver/Src/MFRC522_Driver.c:154:6:PCD_ReadRegisterMulti	32	static
../MFRC522_Driver/Src/MFRC522_Driver.c:163:6:PCD_ClearFIFO	8	static
../MFRC522_Driver/Src/MFRC522_Driver.c:167:6:PCD_ClrRegisterBits	24	static
../MFRC522_Driver/Src/MFRC522_Driver.c:182:9:PCD_CalculateCRC	40	static
../MFRC522_Driver/Src/MFRC522_Driver.c:228:9:PCD_CommunicateWithPICC	32	static
../MFRC522_Driver/Src/MFRC522_Driver.c:349:9:PCD_TransceiveData	56	static
../MFRC522_Driver/Src/MFRC522_Driver.c:380:9:PICC_REQA_or_WUPA	48	static
../MFRC522_Driver/Src/MFRC522_Driver.c:413:9:PICC_RequestA	16	static
../MFRC522_Driver/Src/MFRC522_Driver.c:422:9:PICC_WakeupA	16	static
../MFRC522_Driver/Src/MFRC522_Driver.c:427:9:PICC_Select	72	static
../MFRC522_Driver/Src/MFRC522_Driver.c:597:9:PICC_HaltA	40	static
../MFRC522_Driver/Src/MFRC522_Driver.c:639:9:PCD_Authenticate	64	static
../MFRC522_Driver/Src/MFRC522_Driver.c:661:6:PCD_StopCrypto1	8	static
../MFRC522_Driver/Src/MFRC522_Driver.c:668:9:MIFARE_Read	48	static
../MFRC522_Driver/Src/MFRC522_Driver.c:690:9:PCD_MIFARE_Transceive	72	static
../MFRC522_Driver/Src/MFRC522_Driver.c:739:9:PICC_GetType	24	static
../MFRC522_Driver/Src/MFRC522_Driver.c:779:6:PICC_IsNewCardPresent	16	static
../MFRC522_Driver/Src/MFRC522_Driver.c:800:6:PICC_ReadCardSerial	24	static
../MFRC522_Driver/Src/MFRC522_Driver.c:822:9:MIFARE_Write	56	static
../MFRC522_Driver/Src/MFRC522_Driver.c:870:7:PICC_GetTypeName	16	static
../MFRC522_Driver/Src/MFRC522_Driver.c:900:7:GetStatusCodeName	16	static
../MFRC522_Driver/Src/MFRC522_Driver.c:933:6:MIFARE_SetAccessBits	24	static
../MFRC522_Driver/Src/MFRC522_Driver.c:950:9:MIFARE_TwoStepHelper	24	static
