../MFRC522_Driver/Src/MFRC522_Driver.c:14:6:RC522_Init	24	static
../MFRC522_Driver/Src/MFRC522_Driver.c:38:6:RC522_Reset	16	static
../MFRC522_Driver/Src/MFRC522_Driver.c:44:6:RC522_WriteRegister	24	static
../MFRC522_Driver/Src/MFRC522_Driver.c:52:9:RC522_ReadRegister	24	static
../MFRC522_Driver/Src/MFRC522_Driver.c:63:6:RC522_SetRegisterBits	24	static
../MFRC522_Driver/Src/MFRC522_Driver.c:69:6:RC522_ClearRegisterBits	24	static
../MFRC522_Driver/Src/MFRC522_Driver.c:76:9:RC522_Request	40	static
../MFRC522_Driver/Src/MFRC522_Driver.c:92:9:RC522_Anticoll	32	static
../MFRC522_Driver/Src/MFRC522_Driver.c:117:9:RC522_SelectTag	40	static
../MFRC522_Driver/Src/MFRC522_Driver.c:133:9:RC522_Auth	48	static
../MFRC522_Driver/Src/MFRC522_Driver.c:149:9:RC522_Read	40	static
../MFRC522_Driver/Src/MFRC522_Driver.c:162:9:RC522_Write	40	static
../MFRC522_Driver/Src/MFRC522_Driver.c:180:6:RC522_CalculateCRC	40	static
../MFRC522_Driver/Src/MFRC522_Driver.c:208:6:RC522_Halt	32	static
../MFRC522_Driver/Src/MFRC522_Driver.c:219:9:RC522_TransceiveData	40	static
../MFRC522_Driver/Src/MFRC522_Driver.c:261:19:RC522_Transmit_DMA	24	static
../MFRC522_Driver/Src/MFRC522_Driver.c:267:19:RC522_Receive_DMA	24	static
../MFRC522_Driver/Src/MFRC522_Driver.c:273:19:RC522_TransmitReceive_DMA	24	static
../MFRC522_Driver/Src/MFRC522_Driver.c:279:19:RC522_Transmit_IT	24	static
../MFRC522_Driver/Src/MFRC522_Driver.c:285:19:RC522_Receive_IT	24	static
../MFRC522_Driver/Src/MFRC522_Driver.c:291:19:RC522_TransmitReceive_IT	24	static
../MFRC522_Driver/Src/MFRC522_Driver.c:297:6:RC522_TxCpltCallback	8	static
../MFRC522_Driver/Src/MFRC522_Driver.c:301:6:RC522_RxCpltCallback	8	static
../MFRC522_Driver/Src/MFRC522_Driver.c:305:6:RC522_ErrorCallback	8	static
