../RC522/Src/rc522.c:11:9:RC522_SPI_Transfer	32	static
../RC522/Src/rc522.c:19:6:write_RC522	16	static
../RC522/Src/rc522.c:29:9:read_RC522	24	static
../RC522/Src/rc522.c:40:6:SetBitMask	24	static
../RC522/Src/rc522.c:47:6:ClearBitMask	24	static
../RC522/Src/rc522.c:54:6:antenna_on	8	static
../RC522/Src/rc522.c:61:6:antenna_off	8	static
../RC522/Src/rc522.c:67:6:RC522_Reset	8	static
../RC522/Src/rc522.c:73:6:RC522_Init	8	static
../RC522/Src/rc522.c:94:9:RC522_ToCard	40	static
../RC522/Src/rc522.c:195:9:RC522_Request	32	static
../RC522/Src/rc522.c:212:9:RC522_Anticoll	32	static
../RC522/Src/rc522.c:239:6:CalculateCRC	40	static
../RC522/Src/rc522.c:265:9:RC522_SelectTag	40	static
../RC522/Src/rc522.c:297:9:RC522_Auth	48	static
../RC522/Src/rc522.c:329:9:RC522_Read	32	static
../RC522/Src/rc522.c:348:9:RC522_Write	48	static
../RC522/Src/rc522.c:385:6:RC522_Halt	24	static
