18:44:42 **** Incremental Build of configuration Debug for project Project_RFID_SD_Card_Buzzer_ADC_LCD ****
make -j12 all 
arm-none-eabi-gcc "../Core/Src/main.c" -mcpu=cortex-m4 -std=gnu11 -g3 -DDEBUG -DUSE_HAL_DRIVER -DSTM32F446xx -c -I../Core/Inc -I../Drivers/STM32F4xx_HAL_Driver/Inc -I../Drivers/STM32F4xx_HAL_Driver/Inc/Legacy -I../Drivers/CMSIS/Device/ST/STM32F4xx/Include -I../Drivers/CMSIS/Include -I"C:/Users/newto/STM32CubeIDE/workspace_1.16.0/Project_RFID_SD_Card_Buzzer_ADC_LCD/LCD_Driver/LCD_Driver/Inc" -I"C:/Users/newto/STM32CubeIDE/workspace_1.16.0/Project_RFID_SD_Card_Buzzer_ADC_LCD/MFRC522_Driver/Inc" -O0 -ffunction-sections -fdata-sections -Wall -fstack-usage -fcyclomatic-complexity -MMD -MP -MF"Core/Src/main.d" -MT"Core/Src/main.o" --specs=nano.specs -mfpu=fpv4-sp-d16 -mfloat-abi=hard -mthumb -o "Core/Src/main.o"
arm-none-eabi-gcc -o "Project_RFID_SD_Card_Buzzer_ADC_LCD.elf" @"objects.list"   -mcpu=cortex-m4 -T"C:\Users\newto\STM32CubeIDE\workspace_1.16.0\Project_RFID_SD_Card_Buzzer_ADC_LCD\STM32F446RETX_FLASH.ld" --specs=nosys.specs -Wl,-Map="Project_RFID_SD_Card_Buzzer_ADC_LCD.map" -Wl,--gc-sections -static --specs=nano.specs -mfpu=fpv4-sp-d16 -mfloat-abi=hard -mthumb -Wl,--start-group -lc -lm -Wl,--end-group
Finished building target: Project_RFID_SD_Card_Buzzer_ADC_LCD.elf
 
arm-none-eabi-size  Project_RFID_SD_Card_Buzzer_ADC_LCD.elf 
arm-none-eabi-objdump -h -S Project_RFID_SD_Card_Buzzer_ADC_LCD.elf  > "Project_RFID_SD_Card_Buzzer_ADC_LCD.list"
   text	   data	    bss	    dec	    hex	filename
  25244	    104	   2664	  28012	   6d6c	Project_RFID_SD_Card_Buzzer_ADC_LCD.elf
Finished building: default.size.stdout
 
Finished building: Project_RFID_SD_Card_Buzzer_ADC_LCD.list
 
18:44:46 **** Incremental Build of configuration Debug for project Project_RFID_SD_Card_Buzzer_ADC_LCD ****
make -j12 all 
arm-none-eabi-size  Project_RFID_SD_Card_Buzzer_ADC_LCD.elf 
   text	   data	    bss	    dec	    hex	filename
  25244	    104	   2664	  28012	   6d6c	Project_RFID_SD_Card_Buzzer_ADC_LCD.elf
Finished building: default.size.stdout
 
18:47:15 **** Incremental Build of configuration Debug for project Project_RFID_SD_Card_Buzzer_ADC_LCD ****
make -j12 all 
arm-none-eabi-gcc "../Core/Src/main.c" -mcpu=cortex-m4 -std=gnu11 -g3 -DDEBUG -DUSE_HAL_DRIVER -DSTM32F446xx -c -I../Core/Inc -I../Drivers/STM32F4xx_HAL_Driver/Inc -I../Drivers/STM32F4xx_HAL_Driver/Inc/Legacy -I../Drivers/CMSIS/Device/ST/STM32F4xx/Include -I../Drivers/CMSIS/Include -I"C:/Users/newto/STM32CubeIDE/workspace_1.16.0/Project_RFID_SD_Card_Buzzer_ADC_LCD/LCD_Driver/LCD_Driver/Inc" -I"C:/Users/newto/STM32CubeIDE/workspace_1.16.0/Project_RFID_SD_Card_Buzzer_ADC_LCD/MFRC522_Driver/Inc" -O0 -ffunction-sections -fdata-sections -Wall -fstack-usage -fcyclomatic-complexity -MMD -MP -MF"Core/Src/main.d" -MT"Core/Src/main.o" --specs=nano.specs -mfpu=fpv4-sp-d16 -mfloat-abi=hard -mthumb -o "Core/Src/main.o"
arm-none-eabi-gcc -o "Project_RFID_SD_Card_Buzzer_ADC_LCD.elf" @"objects.list"   -mcpu=cortex-m4 -T"C:\Users\newto\STM32CubeIDE\workspace_1.16.0\Project_RFID_SD_Card_Buzzer_ADC_LCD\STM32F446RETX_FLASH.ld" --specs=nosys.specs -Wl,-Map="Project_RFID_SD_Card_Buzzer_ADC_LCD.map" -Wl,--gc-sections -static --specs=nano.specs -mfpu=fpv4-sp-d16 -mfloat-abi=hard -mthumb -Wl,--start-group -lc -lm -Wl,--end-group
Finished building target: Project_RFID_SD_Card_Buzzer_ADC_LCD.elf
 
arm-none-eabi-size  Project_RFID_SD_Card_Buzzer_ADC_LCD.elf 
arm-none-eabi-objdump -h -S Project_RFID_SD_Card_Buzzer_ADC_LCD.elf  > "Project_RFID_SD_Card_Buzzer_ADC_LCD.list"
   text	   data	    bss	    dec	    hex	filename
  25568	    104	   2664	  28336	   6eb0	Project_RFID_SD_Card_Buzzer_ADC_LCD.elf
Finished building: default.size.stdout
 
Finished building: Project_RFID_SD_Card_Buzzer_ADC_LCD.list
 
18:49:05 **** Incremental Build of configuration Debug for project Project_RFID_SD_Card_Buzzer_ADC_LCD ****
make -j12 all 
arm-none-eabi-size  Project_RFID_SD_Card_Buzzer_ADC_LCD.elf 
   text	   data	    bss	    dec	    hex	filename
  25568	    104	   2664	  28336	   6eb0	Project_RFID_SD_Card_Buzzer_ADC_LCD.elf
Finished building: default.size.stdout
 
18:50:20 **** Incremental Build of configuration Debug for project Project_RFID_SD_Card_Buzzer_ADC_LCD ****
make -j12 all 
arm-none-eabi-size  Project_RFID_SD_Card_Buzzer_ADC_LCD.elf 
   text	   data	    bss	    dec	    hex	filename
  25568	    104	   2664	  28336	   6eb0	Project_RFID_SD_Card_Buzzer_ADC_LCD.elf
Finished building: default.size.stdout
 
20:39:29 **** Incremental Build of configuration Debug for project Project_RFID_SD_Card_Buzzer_ADC_LCD ****
make -j12 all 
arm-none-eabi-size  Project_RFID_SD_Card_Buzzer_ADC_LCD.elf 
   text	   data	    bss	    dec	    hex	filename
  25568	    104	   2664	  28336	   6eb0	Project_RFID_SD_Card_Buzzer_ADC_LCD.elf
Finished building: default.size.stdout
 
