09:39:49 **** Incremental Build of configuration Debug for project Interrupt_Led ****
make -j12 all 
arm-none-eabi-gcc "../Core/Src/main.c" -mcpu=cortex-m4 -std=gnu11 -g3 -DDEBUG -DUSE_HAL_DRIVER -DSTM32F446xx -c -I../Core/Inc -I../Drivers/STM32F4xx_HAL_Driver/Inc -I../Drivers/STM32F4xx_HAL_Driver/Inc/Legacy -I../Drivers/CMSIS/Device/ST/STM32F4xx/Include -I../Drivers/CMSIS/Include -O0 -ffunction-sections -fdata-sections -Wall -fstack-usage -fcyclomatic-complexity -MMD -MP -MF"Core/Src/main.d" -MT"Core/Src/main.o" --specs=nano.specs -mfpu=fpv4-sp-d16 -mfloat-abi=hard -mthumb -o "Core/Src/main.o"
arm-none-eabi-gcc -o "Interrupt_Led.elf" @"objects.list"   -mcpu=cortex-m4 -T"C:\Users\newto\STM32CubeIDE\workspace_1.16.0\Interrupt_Led\STM32F446RETX_FLASH.ld" --specs=nosys.specs -Wl,-Map="Interrupt_Led.map" -Wl,--gc-sections -static --specs=nano.specs -mfpu=fpv4-sp-d16 -mfloat-abi=hard -mthumb -Wl,--start-group -lc -lm -Wl,--end-group
Finished building target: Interrupt_Led.elf
 
arm-none-eabi-size  Interrupt_Led.elf 
arm-none-eabi-objdump -h -S Interrupt_Led.elf  > "Interrupt_Led.list"
   text	   data	    bss	    dec	    hex	filename
   6380	     12	   1572	   7964	   1f1c	Interrupt_Led.elf
Finished building: default.size.stdout
 
Finished building: Interrupt_Led.list
 

09:39:50 Build Finished. 0 errors, 0 warnings. (took 771ms)

