09:08:25 **** Build of configuration Debug for project Multi_ADC_DMA ****
make -j12 all 
arm-none-eabi-gcc "../Core/Src/main.c" -mcpu=cortex-m4 -std=gnu11 -g3 -DDEBUG -DUSE_HAL_DRIVER -DSTM32F446xx -c -I../Core/Inc -I../Drivers/STM32F4xx_HAL_Driver/Inc -I../Drivers/STM32F4xx_HAL_Driver/Inc/Legacy -I../Drivers/CMSIS/Device/ST/STM32F4xx/Include -I../Drivers/CMSIS/Include -O0 -ffunction-sections -fdata-sections -Wall -fstack-usage -fcyclomatic-complexity -MMD -MP -MF"Core/Src/main.d" -MT"Core/Src/main.o" --specs=nano.specs -mfpu=fpv4-sp-d16 -mfloat-abi=hard -mthumb -o "Core/Src/main.o"
arm-none-eabi-gcc -o "Multi_ADC_DMA.elf" @"objects.list"   -mcpu=cortex-m4 -T"C:\Users\newto\STM32CubeIDE\workspace_1.16.0\Multi_ADC_DMA\STM32F446RETX_FLASH.ld" --specs=nosys.specs -Wl,-Map="Multi_ADC_DMA.map" -Wl,--gc-sections -static --specs=nano.specs -mfpu=fpv4-sp-d16 -mfloat-abi=hard -mthumb -Wl,--start-group -lc -lm -Wl,--end-group
Finished building target: Multi_ADC_DMA.elf
 
arm-none-eabi-size  Multi_ADC_DMA.elf 
arm-none-eabi-objdump -h -S Multi_ADC_DMA.elf  > "Multi_ADC_DMA.list"
   text	   data	    bss	    dec	    hex	filename
  13344	     12	   1844	  15200	   3b60	Multi_ADC_DMA.elf
Finished building: default.size.stdout
 
Finished building: Multi_ADC_DMA.list
 

09:08:28 Build Finished. 0 errors, 0 warnings. (took 3s.235ms)

