19:52:29 **** Incremental Build of configuration Debug for project Music_Box ****
make -j12 all 
arm-none-eabi-gcc "../Core/Src/tim.c" -mcpu=cortex-m4 -std=gnu11 -g3 -DDEBUG -DUSE_HAL_DRIVER -DSTM32F446xx -c -I../Core/Inc -I../Drivers/STM32F4xx_HAL_Driver/Inc -I../Drivers/STM32F4xx_HAL_Driver/Inc/Legacy -I../Drivers/CMSIS/Device/ST/STM32F4xx/Include -I../Drivers/CMSIS/Include -O0 -ffunction-sections -fdata-sections -Wall -fstack-usage -fcyclomatic-complexity -MMD -MP -MF"Core/Src/tim.d" -MT"Core/Src/tim.o" --specs=nano.specs -mfpu=fpv4-sp-d16 -mfloat-abi=hard -mthumb -o "Core/Src/tim.o"
arm-none-eabi-gcc -o "Music_Box.elf" @"objects.list"   -mcpu=cortex-m4 -T"C:\Users\newto\STM32CubeIDE\workspace_1.16.0\Music_Box\STM32F446RETX_FLASH.ld" --specs=nosys.specs -Wl,-Map="Music_Box.map" -Wl,--gc-sections -static --specs=nano.specs -mfpu=fpv4-sp-d16 -mfloat-abi=hard -mthumb -Wl,--start-group -lc -lm -Wl,--end-group
Finished building target: Music_Box.elf
 
arm-none-eabi-size  Music_Box.elf 
arm-none-eabi-objdump -h -S Music_Box.elf  > "Music_Box.list"
   text	   data	    bss	    dec	    hex	filename
  16280	     12	   1716	  18008	   4658	Music_Box.elf
Finished building: default.size.stdout
 
Finished building: Music_Box.list
 

19:52:30 Build Finished. 0 errors, 0 warnings. (took 817ms)

