09:17:46 **** Incremental Build of configuration Debug for project T_6_1_DigitalThermometer ****
make -j12 all 
arm-none-eabi-gcc -o "T_6_1_DigitalThermometer.elf" @"objects.list"   -mcpu=cortex-m4 -T"C:\Users\newto\STM32CubeIDE\workspace_1.16.0\T_6_1_DigitalThermometer\STM32F446RETX_FLASH.ld" --specs=nosys.specs -Wl,-Map="T_6_1_DigitalThermometer.map" -Wl,--gc-sections -static --specs=nano.specs -mfpu=fpv4-sp-d16 -mfloat-abi=hard -mthumb -u _printf_float -Wl,--start-group -lc -lm -Wl,--end-group
C:/ST/STM32CubeIDE_1.16.0/STM32CubeIDE/plugins/com.st.stm32cube.ide.mcu.externaltools.gnu-tools-for-stm32.12.3.rel1.win32_1.0.200.202406191623/tools/bin/../lib/gcc/arm-none-eabi/12.3.1/../../../../arm-none-eabi/bin/ld.exe: warning: T_6_1_DigitalThermometer.elf has a LOAD segment with RWX permissions
Finished building target: T_6_1_DigitalThermometer.elf
 
arm-none-eabi-size  T_6_1_DigitalThermometer.elf 
arm-none-eabi-objdump -h -S T_6_1_DigitalThermometer.elf  > "T_6_1_DigitalThermometer.list"
   text	   data	    bss	    dec	    hex	filename
  33884	    476	   2740	  37100	   90ec	T_6_1_DigitalThermometer.elf
Finished building: default.size.stdout
 
Finished building: T_6_1_DigitalThermometer.list
 

09:17:47 Build Finished. 0 errors, 1 warnings. (took 722ms)

