16:42:02 **** Incremental Build of configuration Debug for project Thermometer_LCD_Display ****
make -j12 all 
arm-none-eabi-gcc "../Core/Src/main.c" -mcpu=cortex-m4 -std=gnu11 -g3 -DDEBUG -DUSE_HAL_DRIVER -DSTM32F446xx -c -I../Core/Inc -I../Drivers/STM32F4xx_HAL_Driver/Inc -I../Drivers/STM32F4xx_HAL_Driver/Inc/Legacy -I../Drivers/CMSIS/Device/ST/STM32F4xx/Include -I../Drivers/CMSIS/Include -I"C:/Users/newto/STM32CubeIDE/workspace_1.16.0/Thermometer_LCD_Display/LCD_Driver/LCD_Driver/Inc" -I"C:/Users/newto/STM32CubeIDE/workspace_1.16.0/Thermometer_LCD_Display/thermo/Inc" -O0 -ffunction-sections -fdata-sections -Wall -fstack-usage -fcyclomatic-complexity -MMD -MP -MF"Core/Src/main.d" -MT"Core/Src/main.o" --specs=nano.specs -mfpu=fpv4-sp-d16 -mfloat-abi=hard -mthumb -o "Core/Src/main.o"
arm-none-eabi-gcc -o "Thermometer_LCD_Display.elf" @"objects.list"   -mcpu=cortex-m4 -T"C:\Users\newto\STM32CubeIDE\workspace_1.16.0\Thermometer_LCD_Display\STM32F446RETX_FLASH.ld" --specs=nosys.specs -Wl,-Map="Thermometer_LCD_Display.map" -Wl,--gc-sections -static --specs=nano.specs -mfpu=fpv4-sp-d16 -mfloat-abi=hard -mthumb -u _printf_float -u _scanf_float -Wl,--start-group -lc -lm -Wl,--end-group
Finished building target: Thermometer_LCD_Display.elf
 
arm-none-eabi-size  Thermometer_LCD_Display.elf 
arm-none-eabi-objdump -h -S Thermometer_LCD_Display.elf  > "Thermometer_LCD_Display.list"
   text	   data	    bss	    dec	    hex	filename
  43608	    480	   2736	  46824	   b6e8	Thermometer_LCD_Display.elf
Finished building: default.size.stdout
 
Finished building: Thermometer_LCD_Display.list
 

16:42:03 Build Finished. 0 errors, 0 warnings. (took 1s.733ms)

